#-----------------------------------------------------------
# Vivado v2019.2 (64-bit)
# SW Build 2708876 on Wed Nov  6 21:40:23 MST 2019
# IP Build 2700528 on Thu Nov  7 00:09:20 MST 2019
# Start of session at: Fri May 28 19:34:57 2021
# Process ID: 14592
# Current directory: D:/assignment/computerOrganization_LabWork/0521_2214/project_1
# Command line: vivado.exe -gui_launcher_event rodinguilauncherevent5064 D:\assignment\computerOrganization_LabWork\0521_2214\project_1\project_1.xpr
# Log file: D:/assignment/computerOrganization_LabWork/0521_2214/project_1/vivado.log
# Journal file: D:/assignment/computerOrganization_LabWork/0521_2214/project_1\vivado.jou
#-----------------------------------------------------------
start_gui
open_project D:/assignment/computerOrganization_LabWork/0521_2214/project_1/project_1.xpr
update_compile_order -fileset sources_1
launch_simulation
source top_sim.tcl
relaunch_sim
relaunch_sim
relaunch_sim
relaunch_sim
relaunch_sim
relaunch_sim
relaunch_sim
relaunch_sim
relaunch_sim
relaunch_sim
update_compile_order -fileset sources_1
relaunch_sim
relaunch_sim
update_compile_order -fileset sources_1
relaunch_sim
close_sim
